2022-07-16 17:08:50,882 - [line:38] - INFO: get info{'1': 12, '2': 12}
